data/stickers.ts(4,79): error TS2353: Object literal may only specify known properties, and 'isOwned' does not exist in type 'Sticker'.
data/stickers.ts(5,77): error TS2353: Object literal may only specify known properties, and 'isOwned' does not exist in type 'Sticker'.
data/stickers.ts(6,79): error TS2353: Object literal may only specify known properties, and 'isOwned' does not exist in type 'Sticker'.
data/stickers.ts(7,76): error TS2353: Object literal may only specify known properties, and 'isOwned' does not exist in type 'Sticker'.
data/stickers.ts(8,76): error TS2353: Object literal may only specify known properties, and 'isOwned' does not exist in type 'Sticker'.
